// Vitest Snapshot v1

exports[`Card > renders 1`] = `
<div>
  <div
    class="css-17tl2ds"
  >
    <div>
      child
    </div>
  </div>
</div>
`;
